MPLINK 5.09, LINKER
Linker Map File - Created Sun Dec 05 22:54:36 2021

                                 Section Info
                  Section       Type    Address   Location Size(Bytes)
                ---------  ---------  ---------  ---------  ---------
                   .org_0       code   0x000000    program   0x000002
                   .cinit    romdata   0x000001    program   0x000004
                   .org_1       code   0x000004    program   0x000048



                              Program Memory Usage 
                               Start         End      
                           ---------   ---------      
                            0x000000    0x000002      
                            0x000004    0x000027      
            39 out of 8454 program addresses used, program memory utilization is 0%



                              Symbols - Sorted by Name
                     Name    Address   Location    Storage File                     
                ---------  ---------  ---------  --------- ---------                
                      BAS   0x000025    program     static C:\Users\Baho\Desktop\projeler\mikro_islemci_lab_deneme.X\mikro_islemci_lab_deneme.asm
                       DD   0x000027    program     static C:\Users\Baho\Desktop\projeler\mikro_islemci_lab_deneme.X\mikro_islemci_lab_deneme.asm
                      KOD   0x00000a    program     static C:\Users\Baho\Desktop\projeler\mikro_islemci_lab_deneme.X\mikro_islemci_lab_deneme.asm
                   ONAYAR   0x000014    program     static C:\Users\Baho\Desktop\projeler\mikro_islemci_lab_deneme.X\mikro_islemci_lab_deneme.asm
                 TRISAYAR   0x00001f    program     static C:\Users\Baho\Desktop\projeler\mikro_islemci_lab_deneme.X\mikro_islemci_lab_deneme.asm



                              Symbols - Sorted by Address
                     Name    Address   Location    Storage File                     
                ---------  ---------  ---------  --------- ---------                
                      KOD   0x00000a    program     static C:\Users\Baho\Desktop\projeler\mikro_islemci_lab_deneme.X\mikro_islemci_lab_deneme.asm
                   ONAYAR   0x000014    program     static C:\Users\Baho\Desktop\projeler\mikro_islemci_lab_deneme.X\mikro_islemci_lab_deneme.asm
                 TRISAYAR   0x00001f    program     static C:\Users\Baho\Desktop\projeler\mikro_islemci_lab_deneme.X\mikro_islemci_lab_deneme.asm
                      BAS   0x000025    program     static C:\Users\Baho\Desktop\projeler\mikro_islemci_lab_deneme.X\mikro_islemci_lab_deneme.asm
                       DD   0x000027    program     static C:\Users\Baho\Desktop\projeler\mikro_islemci_lab_deneme.X\mikro_islemci_lab_deneme.asm


