MPLINK 5.09, LINKER
Linker Map File - Created Sat Nov 06 22:33:55 2021

                                 Section Info
                  Section       Type    Address   Location Size(Bytes)
                ---------  ---------  ---------  ---------  ---------
                   .org_0       code   0x000000    program   0x000004
                   .cinit    romdata   0x000002    program   0x000004
                   .org_1       code   0x000004    program   0x000096
.config_2007_BUILD/DEFAULT/PRODUCTION/DISPLAY       code   0x002007    program   0x000002



                              Program Memory Usage 
                               Start         End      
                           ---------   ---------      
                            0x000000    0x00004e      
                            0x002007    0x002007      
            80 out of 8454 program addresses used, program memory utilization is 0%



                              Symbols - Sorted by Name
                     Name    Address   Location    Storage File                     
                ---------  ---------  ---------  --------- ---------                
                    BASLA   0x00004a    program     static C:\Users\Baho\Desktop\projeler\display_PRJ.X\display_PRJ.asm
                   CONF?G   0x000034    program     static C:\Users\Baho\Desktop\projeler\display_PRJ.X\display_PRJ.asm
                       DD   0x00004c    program     static C:\Users\Baho\Desktop\projeler\display_PRJ.X\display_PRJ.asm
                  GECIKME   0x000010    program     static C:\Users\Baho\Desktop\projeler\display_PRJ.X\display_PRJ.asm
                  KONTROL   0x00003f    program     static C:\Users\Baho\Desktop\projeler\display_PRJ.X\display_PRJ.asm
                    LOOP1   0x000016    program     static C:\Users\Baho\Desktop\projeler\display_PRJ.X\display_PRJ.asm
                    LOOP2   0x000014    program     static C:\Users\Baho\Desktop\projeler\display_PRJ.X\display_PRJ.asm
                    LOOP3   0x000012    program     static C:\Users\Baho\Desktop\projeler\display_PRJ.X\display_PRJ.asm
             PORTA_AYARLA   0x000026    program     static C:\Users\Baho\Desktop\projeler\display_PRJ.X\display_PRJ.asm
             PORTB_AYARLA   0x00002d    program     static C:\Users\Baho\Desktop\projeler\display_PRJ.X\display_PRJ.asm
               SAG_ARTTIR   0x000046    program     static C:\Users\Baho\Desktop\projeler\display_PRJ.X\display_PRJ.asm
               SOL_ARTTIR   0x000048    program     static C:\Users\Baho\Desktop\projeler\display_PRJ.X\display_PRJ.asm
                SUPURME_1   0x000020    program     static C:\Users\Baho\Desktop\projeler\display_PRJ.X\display_PRJ.asm
                SUPURME_2   0x000023    program     static C:\Users\Baho\Desktop\projeler\display_PRJ.X\display_PRJ.asm



                              Symbols - Sorted by Address
                     Name    Address   Location    Storage File                     
                ---------  ---------  ---------  --------- ---------                
                  GECIKME   0x000010    program     static C:\Users\Baho\Desktop\projeler\display_PRJ.X\display_PRJ.asm
                    LOOP3   0x000012    program     static C:\Users\Baho\Desktop\projeler\display_PRJ.X\display_PRJ.asm
                    LOOP2   0x000014    program     static C:\Users\Baho\Desktop\projeler\display_PRJ.X\display_PRJ.asm
                    LOOP1   0x000016    program     static C:\Users\Baho\Desktop\projeler\display_PRJ.X\display_PRJ.asm
                SUPURME_1   0x000020    program     static C:\Users\Baho\Desktop\projeler\display_PRJ.X\display_PRJ.asm
                SUPURME_2   0x000023    program     static C:\Users\Baho\Desktop\projeler\display_PRJ.X\display_PRJ.asm
             PORTA_AYARLA   0x000026    program     static C:\Users\Baho\Desktop\projeler\display_PRJ.X\display_PRJ.asm
             PORTB_AYARLA   0x00002d    program     static C:\Users\Baho\Desktop\projeler\display_PRJ.X\display_PRJ.asm
                   CONF?G   0x000034    program     static C:\Users\Baho\Desktop\projeler\display_PRJ.X\display_PRJ.asm
                  KONTROL   0x00003f    program     static C:\Users\Baho\Desktop\projeler\display_PRJ.X\display_PRJ.asm
               SAG_ARTTIR   0x000046    program     static C:\Users\Baho\Desktop\projeler\display_PRJ.X\display_PRJ.asm
               SOL_ARTTIR   0x000048    program     static C:\Users\Baho\Desktop\projeler\display_PRJ.X\display_PRJ.asm
                    BASLA   0x00004a    program     static C:\Users\Baho\Desktop\projeler\display_PRJ.X\display_PRJ.asm
                       DD   0x00004c    program     static C:\Users\Baho\Desktop\projeler\display_PRJ.X\display_PRJ.asm


