MPLINK 5.09, LINKER
Linker Map File - Created Mon Nov 08 10:36:22 2021

                                 Section Info
                  Section       Type    Address   Location Size(Bytes)
                ---------  ---------  ---------  ---------  ---------
                   .org_0       code   0x000000    program   0x000076
                   .cinit    romdata   0x00003b    program   0x000004



                              Program Memory Usage 
                               Start         End      
                           ---------   ---------      
                            0x000000    0x00003c      
            61 out of 8454 program addresses used, program memory utilization is 0%



                              Symbols - Sorted by Name
                     Name    Address   Location    Storage File                     
                ---------  ---------  ---------  --------- ---------                
                    BASLA   0x000016    program     static C:\Users\Baho\Desktop\projeler\7_segment_melih.X\7_segment_melih.asm
                    DONGU   0x000011    program     static C:\Users\Baho\Desktop\projeler\7_segment_melih.X\7_segment_melih.asm
                    SUPUR   0x000024    program     static C:\Users\Baho\Desktop\projeler\7_segment_melih.X\7_segment_melih.asm
                    TABLO   0x000001    program     static C:\Users\Baho\Desktop\projeler\7_segment_melih.X\7_segment_melih.asm
                    YUKLE   0x00000c    program     static C:\Users\Baho\Desktop\projeler\7_segment_melih.X\7_segment_melih.asm



                              Symbols - Sorted by Address
                     Name    Address   Location    Storage File                     
                ---------  ---------  ---------  --------- ---------                
                    TABLO   0x000001    program     static C:\Users\Baho\Desktop\projeler\7_segment_melih.X\7_segment_melih.asm
                    YUKLE   0x00000c    program     static C:\Users\Baho\Desktop\projeler\7_segment_melih.X\7_segment_melih.asm
                    DONGU   0x000011    program     static C:\Users\Baho\Desktop\projeler\7_segment_melih.X\7_segment_melih.asm
                    BASLA   0x000016    program     static C:\Users\Baho\Desktop\projeler\7_segment_melih.X\7_segment_melih.asm
                    SUPUR   0x000024    program     static C:\Users\Baho\Desktop\projeler\7_segment_melih.X\7_segment_melih.asm


