MPLINK 5.09, LINKER
Linker Map File - Created Mon Nov 22 15:38:42 2021

                                 Section Info
                  Section       Type    Address   Location Size(Bytes)
                ---------  ---------  ---------  ---------  ---------
                   .org_0       code   0x000000    program   0x000004
                   .cinit    romdata   0x000002    program   0x000004
                   .org_1       code   0x000004    program   0x000042
.config_2007_BUILD/DEFAULT/PRODUCTION/RB0_KES       code   0x002007    program   0x000002



                              Program Memory Usage 
                               Start         End      
                           ---------   ---------      
                            0x000000    0x000024      
                            0x002007    0x002007      
            38 out of 8454 program addresses used, program memory utilization is 0%



                              Symbols - Sorted by Name
                     Name    Address   Location    Storage File                     
                ---------  ---------  ---------  --------- ---------                
               ALTPROGRAM   0x000013    program     static C:\Users\Baho\Desktop\projeler\rb0_kesmesi_PRJ.X\rb0_kesmesi_PRJ.asm
                    BASLA   0x000022    program     static C:\Users\Baho\Desktop\projeler\rb0_kesmesi_PRJ.X\rb0_kesmesi_PRJ.asm
             KESME_AYARLA   0x000016    program     static C:\Users\Baho\Desktop\projeler\rb0_kesmesi_PRJ.X\rb0_kesmesi_PRJ.asm
              PORT_AYARLA   0x00001a    program     static C:\Users\Baho\Desktop\projeler\rb0_kesmesi_PRJ.X\rb0_kesmesi_PRJ.asm
                       XD   0x000024    program     static C:\Users\Baho\Desktop\projeler\rb0_kesmesi_PRJ.X\rb0_kesmesi_PRJ.asm



                              Symbols - Sorted by Address
                     Name    Address   Location    Storage File                     
                ---------  ---------  ---------  --------- ---------                
               ALTPROGRAM   0x000013    program     static C:\Users\Baho\Desktop\projeler\rb0_kesmesi_PRJ.X\rb0_kesmesi_PRJ.asm
             KESME_AYARLA   0x000016    program     static C:\Users\Baho\Desktop\projeler\rb0_kesmesi_PRJ.X\rb0_kesmesi_PRJ.asm
              PORT_AYARLA   0x00001a    program     static C:\Users\Baho\Desktop\projeler\rb0_kesmesi_PRJ.X\rb0_kesmesi_PRJ.asm
                    BASLA   0x000022    program     static C:\Users\Baho\Desktop\projeler\rb0_kesmesi_PRJ.X\rb0_kesmesi_PRJ.asm
                       XD   0x000024    program     static C:\Users\Baho\Desktop\projeler\rb0_kesmesi_PRJ.X\rb0_kesmesi_PRJ.asm


