MPLINK 5.09, LINKER
Linker Map File - Created Tue Nov 23 10:29:18 2021

                                 Section Info
                  Section       Type    Address   Location Size(Bytes)
                ---------  ---------  ---------  ---------  ---------
                   .org_0       code   0x000000    program   0x000004
                   .cinit    romdata   0x000002    program   0x000004
                   .org_1       code   0x000004    program   0x00009a
.config_2007_BUILD/DEFAULT/PRODUCTION/DENEME_       code   0x002007    program   0x000002



                              Program Memory Usage 
                               Start         End      
                           ---------   ---------      
                            0x000000    0x000050      
                            0x002007    0x002007      
            82 out of 8454 program addresses used, program memory utilization is 0%



                              Symbols - Sorted by Name
                     Name    Address   Location    Storage File                     
                ---------  ---------  ---------  --------- ---------                
                    BASLA   0x000047    program     static C:\Users\Baho\Desktop\projeler\deneme_tahtasi2.X\deneme_tahtasi2.asm
                      CIK   0x00000f    program     static C:\Users\Baho\Desktop\projeler\deneme_tahtasi2.X\deneme_tahtasi2.asm
             KEMSE_AYARLA   0x000034    program     static C:\Users\Baho\Desktop\projeler\deneme_tahtasi2.X\deneme_tahtasi2.asm
             PORTB_AYARLA   0x000038    program     static C:\Users\Baho\Desktop\projeler\deneme_tahtasi2.X\deneme_tahtasi2.asm
             PORTC_AYARLA   0x000040    program     static C:\Users\Baho\Desktop\projeler\deneme_tahtasi2.X\deneme_tahtasi2.asm
                 RAKAMLAR   0x000020    program     static C:\Users\Baho\Desktop\projeler\deneme_tahtasi2.X\deneme_tahtasi2.asm
           RB0_ALTPROGRAM   0x000016    program     static C:\Users\Baho\Desktop\projeler\deneme_tahtasi2.X\deneme_tahtasi2.asm
          TMR0_ALTPROGRAM   0x00001a    program     static C:\Users\Baho\Desktop\projeler\deneme_tahtasi2.X\deneme_tahtasi2.asm
              TMR0_AYARLA   0x00002b    program     static C:\Users\Baho\Desktop\projeler\deneme_tahtasi2.X\deneme_tahtasi2.asm
                       XD   0x000050    program     static C:\Users\Baho\Desktop\projeler\deneme_tahtasi2.X\deneme_tahtasi2.asm



                              Symbols - Sorted by Address
                     Name    Address   Location    Storage File                     
                ---------  ---------  ---------  --------- ---------                
                      CIK   0x00000f    program     static C:\Users\Baho\Desktop\projeler\deneme_tahtasi2.X\deneme_tahtasi2.asm
           RB0_ALTPROGRAM   0x000016    program     static C:\Users\Baho\Desktop\projeler\deneme_tahtasi2.X\deneme_tahtasi2.asm
          TMR0_ALTPROGRAM   0x00001a    program     static C:\Users\Baho\Desktop\projeler\deneme_tahtasi2.X\deneme_tahtasi2.asm
                 RAKAMLAR   0x000020    program     static C:\Users\Baho\Desktop\projeler\deneme_tahtasi2.X\deneme_tahtasi2.asm
              TMR0_AYARLA   0x00002b    program     static C:\Users\Baho\Desktop\projeler\deneme_tahtasi2.X\deneme_tahtasi2.asm
             KEMSE_AYARLA   0x000034    program     static C:\Users\Baho\Desktop\projeler\deneme_tahtasi2.X\deneme_tahtasi2.asm
             PORTB_AYARLA   0x000038    program     static C:\Users\Baho\Desktop\projeler\deneme_tahtasi2.X\deneme_tahtasi2.asm
             PORTC_AYARLA   0x000040    program     static C:\Users\Baho\Desktop\projeler\deneme_tahtasi2.X\deneme_tahtasi2.asm
                    BASLA   0x000047    program     static C:\Users\Baho\Desktop\projeler\deneme_tahtasi2.X\deneme_tahtasi2.asm
                       XD   0x000050    program     static C:\Users\Baho\Desktop\projeler\deneme_tahtasi2.X\deneme_tahtasi2.asm


