MPLINK 5.09, LINKER
Linker Map File - Created Mon Nov 08 23:33:53 2021

                                 Section Info
                  Section       Type    Address   Location Size(Bytes)
                ---------  ---------  ---------  ---------  ---------
                   .org_0       code   0x000000    program   0x0000b0
                   .cinit    romdata   0x000058    program   0x000004



                              Program Memory Usage 
                               Start         End      
                           ---------   ---------      
                            0x000000    0x000059      
            90 out of 8454 program addresses used, program memory utilization is 1%



                              Symbols - Sorted by Name
                     Name    Address   Location    Storage File                     
                ---------  ---------  ---------  --------- ---------                
                    BASLA   0x00001c    program     static C:\Users\Baho\Desktop\projeler\dorduncuPRJ.X\dorduncuPRJ.asm
                   DONGU1   0x000033    program     static C:\Users\Baho\Desktop\projeler\dorduncuPRJ.X\dorduncuPRJ.asm
                   DONGU2   0x000046    program     static C:\Users\Baho\Desktop\projeler\dorduncuPRJ.X\dorduncuPRJ.asm
                  GECIKME   0x000002    program     static C:\Users\Baho\Desktop\projeler\dorduncuPRJ.X\dorduncuPRJ.asm
                    LOOP1   0x000006    program     static C:\Users\Baho\Desktop\projeler\dorduncuPRJ.X\dorduncuPRJ.asm
                    LOOP2   0x000004    program     static C:\Users\Baho\Desktop\projeler\dorduncuPRJ.X\dorduncuPRJ.asm
                 RAKAMLAR   0x000011    program     static C:\Users\Baho\Desktop\projeler\dorduncuPRJ.X\dorduncuPRJ.asm
            RAKAMLAR_CIFT   0x00000b    program     static C:\Users\Baho\Desktop\projeler\dorduncuPRJ.X\dorduncuPRJ.asm



                              Symbols - Sorted by Address
                     Name    Address   Location    Storage File                     
                ---------  ---------  ---------  --------- ---------                
                  GECIKME   0x000002    program     static C:\Users\Baho\Desktop\projeler\dorduncuPRJ.X\dorduncuPRJ.asm
                    LOOP2   0x000004    program     static C:\Users\Baho\Desktop\projeler\dorduncuPRJ.X\dorduncuPRJ.asm
                    LOOP1   0x000006    program     static C:\Users\Baho\Desktop\projeler\dorduncuPRJ.X\dorduncuPRJ.asm
            RAKAMLAR_CIFT   0x00000b    program     static C:\Users\Baho\Desktop\projeler\dorduncuPRJ.X\dorduncuPRJ.asm
                 RAKAMLAR   0x000011    program     static C:\Users\Baho\Desktop\projeler\dorduncuPRJ.X\dorduncuPRJ.asm
                    BASLA   0x00001c    program     static C:\Users\Baho\Desktop\projeler\dorduncuPRJ.X\dorduncuPRJ.asm
                   DONGU1   0x000033    program     static C:\Users\Baho\Desktop\projeler\dorduncuPRJ.X\dorduncuPRJ.asm
                   DONGU2   0x000046    program     static C:\Users\Baho\Desktop\projeler\dorduncuPRJ.X\dorduncuPRJ.asm


