MPLINK 5.09, LINKER
Linker Map File - Created Sun Nov 14 14:49:30 2021

                                 Section Info
                  Section       Type    Address   Location Size(Bytes)
                ---------  ---------  ---------  ---------  ---------
                   .org_0       code   0x000000    program   0x000004
                   .cinit    romdata   0x000002    program   0x000004
                   .org_1       code   0x000004    program   0x000084



                              Program Memory Usage 
                               Start         End      
                           ---------   ---------      
                            0x000000    0x000045      
            70 out of 8454 program addresses used, program memory utilization is 0%



                              Symbols - Sorted by Name
                     Name    Address   Location    Storage File                     
                ---------  ---------  ---------  --------- ---------                
                    BASLA   0x000037    program     static C:\Users\Baho\Desktop\projeler\dot_matrix_PRJ.X\dot_matrix_PRJ.asm
             BIR_SN_DOLDU   0x000017    program     static C:\Users\Baho\Desktop\projeler\dot_matrix_PRJ.X\dot_matrix_PRJ.asm
                      CIK   0x00000f    program     static C:\Users\Baho\Desktop\projeler\dot_matrix_PRJ.X\dot_matrix_PRJ.asm
                       DD   0x000045    program     static C:\Users\Baho\Desktop\projeler\dot_matrix_PRJ.X\dot_matrix_PRJ.asm
                    DIKEY   0x000024    program     static C:\Users\Baho\Desktop\projeler\dot_matrix_PRJ.X\dot_matrix_PRJ.asm
             KESME_AYARLA   0x000034    program     static C:\Users\Baho\Desktop\projeler\dot_matrix_PRJ.X\dot_matrix_PRJ.asm
              TMR0_AYARLA   0x00002b    program     static C:\Users\Baho\Desktop\projeler\dot_matrix_PRJ.X\dot_matrix_PRJ.asm



                              Symbols - Sorted by Address
                     Name    Address   Location    Storage File                     
                ---------  ---------  ---------  --------- ---------                
                      CIK   0x00000f    program     static C:\Users\Baho\Desktop\projeler\dot_matrix_PRJ.X\dot_matrix_PRJ.asm
             BIR_SN_DOLDU   0x000017    program     static C:\Users\Baho\Desktop\projeler\dot_matrix_PRJ.X\dot_matrix_PRJ.asm
                    DIKEY   0x000024    program     static C:\Users\Baho\Desktop\projeler\dot_matrix_PRJ.X\dot_matrix_PRJ.asm
              TMR0_AYARLA   0x00002b    program     static C:\Users\Baho\Desktop\projeler\dot_matrix_PRJ.X\dot_matrix_PRJ.asm
             KESME_AYARLA   0x000034    program     static C:\Users\Baho\Desktop\projeler\dot_matrix_PRJ.X\dot_matrix_PRJ.asm
                    BASLA   0x000037    program     static C:\Users\Baho\Desktop\projeler\dot_matrix_PRJ.X\dot_matrix_PRJ.asm
                       DD   0x000045    program     static C:\Users\Baho\Desktop\projeler\dot_matrix_PRJ.X\dot_matrix_PRJ.asm


