MPLINK 5.09, LINKER
Linker Map File - Created Tue Dec 07 12:37:38 2021

                                 Section Info
                  Section       Type    Address   Location Size(Bytes)
                ---------  ---------  ---------  ---------  ---------
                   .org_0       code   0x000000    program   0x000004
                   .cinit    romdata   0x000002    program   0x000004
                   .org_1       code   0x000004    program   0x000098



                              Program Memory Usage 
                               Start         End      
                           ---------   ---------      
                            0x000000    0x00004f      
            80 out of 8454 program addresses used, program memory utilization is 0%



                              Symbols - Sorted by Name
                     Name    Address   Location    Storage File                     
                ---------  ---------  ---------  --------- ---------                
               ADC_AYARLA   0x000017    program     static C:\Users\Baho\Desktop\projeler\adc_tmr0_gecikmeli_PRJ.X\adc_tmr0_gecikmeli_PRJ.asm
                  ADC_OKU   0x000024    program     static C:\Users\Baho\Desktop\projeler\adc_tmr0_gecikmeli_PRJ.X\adc_tmr0_gecikmeli_PRJ.asm
                    BASLA   0x00004c    program     static C:\Users\Baho\Desktop\projeler\adc_tmr0_gecikmeli_PRJ.X\adc_tmr0_gecikmeli_PRJ.asm
                      CIK   0x00000f    program     static C:\Users\Baho\Desktop\projeler\adc_tmr0_gecikmeli_PRJ.X\adc_tmr0_gecikmeli_PRJ.asm
                    DONGU   0x000027    program     static C:\Users\Baho\Desktop\projeler\adc_tmr0_gecikmeli_PRJ.X\adc_tmr0_gecikmeli_PRJ.asm
              PORT_AYARLA   0x000036    program     static C:\Users\Baho\Desktop\projeler\adc_tmr0_gecikmeli_PRJ.X\adc_tmr0_gecikmeli_PRJ.asm
              TMR0_AYARLA   0x00003f    program     static C:\Users\Baho\Desktop\projeler\adc_tmr0_gecikmeli_PRJ.X\adc_tmr0_gecikmeli_PRJ.asm
                       XD   0x00004f    program     static C:\Users\Baho\Desktop\projeler\adc_tmr0_gecikmeli_PRJ.X\adc_tmr0_gecikmeli_PRJ.asm



                              Symbols - Sorted by Address
                     Name    Address   Location    Storage File                     
                ---------  ---------  ---------  --------- ---------                
                      CIK   0x00000f    program     static C:\Users\Baho\Desktop\projeler\adc_tmr0_gecikmeli_PRJ.X\adc_tmr0_gecikmeli_PRJ.asm
               ADC_AYARLA   0x000017    program     static C:\Users\Baho\Desktop\projeler\adc_tmr0_gecikmeli_PRJ.X\adc_tmr0_gecikmeli_PRJ.asm
                  ADC_OKU   0x000024    program     static C:\Users\Baho\Desktop\projeler\adc_tmr0_gecikmeli_PRJ.X\adc_tmr0_gecikmeli_PRJ.asm
                    DONGU   0x000027    program     static C:\Users\Baho\Desktop\projeler\adc_tmr0_gecikmeli_PRJ.X\adc_tmr0_gecikmeli_PRJ.asm
              PORT_AYARLA   0x000036    program     static C:\Users\Baho\Desktop\projeler\adc_tmr0_gecikmeli_PRJ.X\adc_tmr0_gecikmeli_PRJ.asm
              TMR0_AYARLA   0x00003f    program     static C:\Users\Baho\Desktop\projeler\adc_tmr0_gecikmeli_PRJ.X\adc_tmr0_gecikmeli_PRJ.asm
                    BASLA   0x00004c    program     static C:\Users\Baho\Desktop\projeler\adc_tmr0_gecikmeli_PRJ.X\adc_tmr0_gecikmeli_PRJ.asm
                       XD   0x00004f    program     static C:\Users\Baho\Desktop\projeler\adc_tmr0_gecikmeli_PRJ.X\adc_tmr0_gecikmeli_PRJ.asm


