MPLINK 5.09, LINKER
Linker Map File - Created Mon Nov 08 10:36:38 2021

                                 Section Info
                  Section       Type    Address   Location Size(Bytes)
                ---------  ---------  ---------  ---------  ---------
                   .org_0       code   0x000000    program   0x0000ac
                   .cinit    romdata   0x000056    program   0x000004



                              Program Memory Usage 
                               Start         End      
                           ---------   ---------      
                            0x000000    0x000057      
            88 out of 8454 program addresses used, program memory utilization is 1%



                              Symbols - Sorted by Name
                     Name    Address   Location    Storage File                     
                ---------  ---------  ---------  --------- ---------                
             CONFIG_TABLE   0x000025    program     static C:\Users\Baho\Desktop\projeler\7_segment_yigit.X\7_segment_yigit.asm
                   DONGU1   0x000004    program     static C:\Users\Baho\Desktop\projeler\7_segment_yigit.X\7_segment_yigit.asm
                   DONGU2   0x000006    program     static C:\Users\Baho\Desktop\projeler\7_segment_yigit.X\7_segment_yigit.asm
                   DONGU3   0x000008    program     static C:\Users\Baho\Desktop\projeler\7_segment_yigit.X\7_segment_yigit.asm
         GET_CUR_DISP_VAL   0x00001e    program     static C:\Users\Baho\Desktop\projeler\7_segment_yigit.X\7_segment_yigit.asm
                  KONTROL   0x000049    program     static C:\Users\Baho\Desktop\projeler\7_segment_yigit.X\7_segment_yigit.asm
         ONE_SECOND_DELAY   0x000002    program     static C:\Users\Baho\Desktop\projeler\7_segment_yigit.X\7_segment_yigit.asm
            PORT_A_AYARLA   0x000030    program     static C:\Users\Baho\Desktop\projeler\7_segment_yigit.X\7_segment_yigit.asm
            PORT_B_AYARLA   0x00003c    program     static C:\Users\Baho\Desktop\projeler\7_segment_yigit.X\7_segment_yigit.asm
                   R_OR_L   0x00001b    program     static C:\Users\Baho\Desktop\projeler\7_segment_yigit.X\7_segment_yigit.asm
                    START   0x000043    program     static C:\Users\Baho\Desktop\projeler\7_segment_yigit.X\7_segment_yigit.asm
                  SUPURME   0x000016    program     static C:\Users\Baho\Desktop\projeler\7_segment_yigit.X\7_segment_yigit.asm
             _.org_0_001F   0x00001f    program     static C:\Users\Baho\Desktop\projeler\7_segment_yigit.X\7_segment_yigit.asm
             _.org_0_0022   0x000022    program     static C:\Users\Baho\Desktop\projeler\7_segment_yigit.X\7_segment_yigit.asm
             _.org_0_004C   0x00004c    program     static C:\Users\Baho\Desktop\projeler\7_segment_yigit.X\7_segment_yigit.asm



                              Symbols - Sorted by Address
                     Name    Address   Location    Storage File                     
                ---------  ---------  ---------  --------- ---------                
         ONE_SECOND_DELAY   0x000002    program     static C:\Users\Baho\Desktop\projeler\7_segment_yigit.X\7_segment_yigit.asm
                   DONGU1   0x000004    program     static C:\Users\Baho\Desktop\projeler\7_segment_yigit.X\7_segment_yigit.asm
                   DONGU2   0x000006    program     static C:\Users\Baho\Desktop\projeler\7_segment_yigit.X\7_segment_yigit.asm
                   DONGU3   0x000008    program     static C:\Users\Baho\Desktop\projeler\7_segment_yigit.X\7_segment_yigit.asm
                  SUPURME   0x000016    program     static C:\Users\Baho\Desktop\projeler\7_segment_yigit.X\7_segment_yigit.asm
                   R_OR_L   0x00001b    program     static C:\Users\Baho\Desktop\projeler\7_segment_yigit.X\7_segment_yigit.asm
         GET_CUR_DISP_VAL   0x00001e    program     static C:\Users\Baho\Desktop\projeler\7_segment_yigit.X\7_segment_yigit.asm
             _.org_0_001F   0x00001f    program     static C:\Users\Baho\Desktop\projeler\7_segment_yigit.X\7_segment_yigit.asm
             _.org_0_0022   0x000022    program     static C:\Users\Baho\Desktop\projeler\7_segment_yigit.X\7_segment_yigit.asm
             CONFIG_TABLE   0x000025    program     static C:\Users\Baho\Desktop\projeler\7_segment_yigit.X\7_segment_yigit.asm
            PORT_A_AYARLA   0x000030    program     static C:\Users\Baho\Desktop\projeler\7_segment_yigit.X\7_segment_yigit.asm
            PORT_B_AYARLA   0x00003c    program     static C:\Users\Baho\Desktop\projeler\7_segment_yigit.X\7_segment_yigit.asm
                    START   0x000043    program     static C:\Users\Baho\Desktop\projeler\7_segment_yigit.X\7_segment_yigit.asm
                  KONTROL   0x000049    program     static C:\Users\Baho\Desktop\projeler\7_segment_yigit.X\7_segment_yigit.asm
             _.org_0_004C   0x00004c    program     static C:\Users\Baho\Desktop\projeler\7_segment_yigit.X\7_segment_yigit.asm


