MPLINK 5.09, LINKER
Linker Map File - Created Tue Nov 09 12:27:25 2021

                                 Section Info
                  Section       Type    Address   Location Size(Bytes)
                ---------  ---------  ---------  ---------  ---------
                   .org_0       code   0x000000    program   0x0000b8
                   .cinit    romdata   0x00005c    program   0x000004



                              Program Memory Usage 
                               Start         End      
                           ---------   ---------      
                            0x000000    0x00005d      
            94 out of 8454 program addresses used, program memory utilization is 1%



                              Symbols - Sorted by Name
                     Name    Address   Location    Storage File                     
                ---------  ---------  ---------  --------- ---------                
                    BASLA   0x000020    program     static C:\Users\Baho\Desktop\projeler\aa.asm
                   DONGU1   0x000037    program     static C:\Users\Baho\Desktop\projeler\aa.asm
                  GECIKME   0x000002    program     static C:\Users\Baho\Desktop\projeler\aa.asm
                    LOOP1   0x000008    program     static C:\Users\Baho\Desktop\projeler\aa.asm
                    LOOP2   0x000006    program     static C:\Users\Baho\Desktop\projeler\aa.asm
                    LOOP3   0x000004    program     static C:\Users\Baho\Desktop\projeler\aa.asm
                 RAKAMLAR   0x000015    program     static C:\Users\Baho\Desktop\projeler\aa.asm
            RAKAMLAR_CIFT   0x00000f    program     static C:\Users\Baho\Desktop\projeler\aa.asm



                              Symbols - Sorted by Address
                     Name    Address   Location    Storage File                     
                ---------  ---------  ---------  --------- ---------                
                  GECIKME   0x000002    program     static C:\Users\Baho\Desktop\projeler\aa.asm
                    LOOP3   0x000004    program     static C:\Users\Baho\Desktop\projeler\aa.asm
                    LOOP2   0x000006    program     static C:\Users\Baho\Desktop\projeler\aa.asm
                    LOOP1   0x000008    program     static C:\Users\Baho\Desktop\projeler\aa.asm
            RAKAMLAR_CIFT   0x00000f    program     static C:\Users\Baho\Desktop\projeler\aa.asm
                 RAKAMLAR   0x000015    program     static C:\Users\Baho\Desktop\projeler\aa.asm
                    BASLA   0x000020    program     static C:\Users\Baho\Desktop\projeler\aa.asm
                   DONGU1   0x000037    program     static C:\Users\Baho\Desktop\projeler\aa.asm


