MPLINK 5.09, LINKER
Linker Map File - Created Fri Nov 19 16:23:05 2021

                                 Section Info
                  Section       Type    Address   Location Size(Bytes)
                ---------  ---------  ---------  ---------  ---------
                   .org_0       code   0x000000    program   0x000004
                   .cinit    romdata   0x000002    program   0x000004
                   .org_1       code   0x000004    program   0x000076
.config_2007_BUILD/DEFAULT/PRODUCTION/7_SEGME       code   0x002007    program   0x000002



                              Program Memory Usage 
                               Start         End      
                           ---------   ---------      
                            0x000000    0x00003e      
                            0x002007    0x002007      
            64 out of 8454 program addresses used, program memory utilization is 0%



                              Symbols - Sorted by Name
                     Name    Address   Location    Storage File                     
                ---------  ---------  ---------  --------- ---------                
                    BASLA   0x000030    program     static C:\Users\Baho\Desktop\projeler\7_segmen_display_PRJ.X\7_segmen_display_PRJ.asm
                    DONGU   0x000032    program     static C:\Users\Baho\Desktop\projeler\7_segmen_display_PRJ.X\7_segmen_display_PRJ.asm
                  GECIKME   0x000010    program     static C:\Users\Baho\Desktop\projeler\7_segmen_display_PRJ.X\7_segmen_display_PRJ.asm
             KATOT_LOOKUP   0x000025    program     static C:\Users\Baho\Desktop\projeler\7_segmen_display_PRJ.X\7_segmen_display_PRJ.asm
                     LOOP   0x000012    program     static C:\Users\Baho\Desktop\projeler\7_segmen_display_PRJ.X\7_segmen_display_PRJ.asm
             PORTA_AYARLA   0x000015    program     static C:\Users\Baho\Desktop\projeler\7_segmen_display_PRJ.X\7_segmen_display_PRJ.asm
             PORTB_AYARLA   0x00001c    program     static C:\Users\Baho\Desktop\projeler\7_segmen_display_PRJ.X\7_segmen_display_PRJ.asm



                              Symbols - Sorted by Address
                     Name    Address   Location    Storage File                     
                ---------  ---------  ---------  --------- ---------                
                  GECIKME   0x000010    program     static C:\Users\Baho\Desktop\projeler\7_segmen_display_PRJ.X\7_segmen_display_PRJ.asm
                     LOOP   0x000012    program     static C:\Users\Baho\Desktop\projeler\7_segmen_display_PRJ.X\7_segmen_display_PRJ.asm
             PORTA_AYARLA   0x000015    program     static C:\Users\Baho\Desktop\projeler\7_segmen_display_PRJ.X\7_segmen_display_PRJ.asm
             PORTB_AYARLA   0x00001c    program     static C:\Users\Baho\Desktop\projeler\7_segmen_display_PRJ.X\7_segmen_display_PRJ.asm
             KATOT_LOOKUP   0x000025    program     static C:\Users\Baho\Desktop\projeler\7_segmen_display_PRJ.X\7_segmen_display_PRJ.asm
                    BASLA   0x000030    program     static C:\Users\Baho\Desktop\projeler\7_segmen_display_PRJ.X\7_segmen_display_PRJ.asm
                    DONGU   0x000032    program     static C:\Users\Baho\Desktop\projeler\7_segmen_display_PRJ.X\7_segmen_display_PRJ.asm


