MPLINK 5.09, LINKER
Linker Map File - Created Thu Nov 04 23:34:34 2021

                                 Section Info
                  Section       Type    Address   Location Size(Bytes)
                ---------  ---------  ---------  ---------  ---------
                   .org_0       code   0x000000    program   0x000004
                   .cinit    romdata   0x000002    program   0x000004
                   .org_1       code   0x000004    program   0x00004c
.config_2007_BUILD/DEFAULT/PRODUCTION/GERI_SA       code   0x002007    program   0x000002



                              Program Memory Usage 
                               Start         End      
                           ---------   ---------      
                            0x000000    0x000029      
                            0x002007    0x002007      
            43 out of 8454 program addresses used, program memory utilization is 0%



                              Symbols - Sorted by Name
                     Name    Address   Location    Storage File                     
                ---------  ---------  ---------  --------- ---------                
                    AZALT   0x00001d    program     static C:\Users\Baho\Desktop\projeler\geri_sayma2_PRJ.X\geri_sayma2_PRJ.asm
                    BASLA   0x00001f    program     static C:\Users\Baho\Desktop\projeler\geri_sayma2_PRJ.X\geri_sayma2_PRJ.asm
                    DONGU   0x000027    program     static C:\Users\Baho\Desktop\projeler\geri_sayma2_PRJ.X\geri_sayma2_PRJ.asm
                  GECIKME   0x000010    program     static C:\Users\Baho\Desktop\projeler\geri_sayma2_PRJ.X\geri_sayma2_PRJ.asm
                     LOOP   0x000016    program     static C:\Users\Baho\Desktop\projeler\geri_sayma2_PRJ.X\geri_sayma2_PRJ.asm
                    LOOP2   0x000014    program     static C:\Users\Baho\Desktop\projeler\geri_sayma2_PRJ.X\geri_sayma2_PRJ.asm
                    LOOP3   0x000012    program     static C:\Users\Baho\Desktop\projeler\geri_sayma2_PRJ.X\geri_sayma2_PRJ.asm



                              Symbols - Sorted by Address
                     Name    Address   Location    Storage File                     
                ---------  ---------  ---------  --------- ---------                
                  GECIKME   0x000010    program     static C:\Users\Baho\Desktop\projeler\geri_sayma2_PRJ.X\geri_sayma2_PRJ.asm
                    LOOP3   0x000012    program     static C:\Users\Baho\Desktop\projeler\geri_sayma2_PRJ.X\geri_sayma2_PRJ.asm
                    LOOP2   0x000014    program     static C:\Users\Baho\Desktop\projeler\geri_sayma2_PRJ.X\geri_sayma2_PRJ.asm
                     LOOP   0x000016    program     static C:\Users\Baho\Desktop\projeler\geri_sayma2_PRJ.X\geri_sayma2_PRJ.asm
                    AZALT   0x00001d    program     static C:\Users\Baho\Desktop\projeler\geri_sayma2_PRJ.X\geri_sayma2_PRJ.asm
                    BASLA   0x00001f    program     static C:\Users\Baho\Desktop\projeler\geri_sayma2_PRJ.X\geri_sayma2_PRJ.asm
                    DONGU   0x000027    program     static C:\Users\Baho\Desktop\projeler\geri_sayma2_PRJ.X\geri_sayma2_PRJ.asm


