MPLINK 5.09, LINKER
Linker Map File - Created Tue Nov 09 12:35:55 2021

                                 Section Info
                  Section       Type    Address   Location Size(Bytes)
                ---------  ---------  ---------  ---------  ---------
                   .org_0       code   0x000000    program   0x000082
                   .cinit    romdata   0x000041    program   0x000004



                              Program Memory Usage 
                               Start         End      
                           ---------   ---------      
                            0x000000    0x000042      
            67 out of 8454 program addresses used, program memory utilization is 0%



                              Symbols - Sorted by Name
                     Name    Address   Location    Storage File                     
                ---------  ---------  ---------  --------- ---------                
                   ARTTIR   0x000012    program     static C:\Users\Baho\Desktop\projeler\besinciPRJ.X\besinciPRJ.asm
                    BASLA   0x00001a    program     static C:\Users\Baho\Desktop\projeler\besinciPRJ.X\besinciPRJ.asm
                    DONGU   0x00002d    program     static C:\Users\Baho\Desktop\projeler\besinciPRJ.X\besinciPRJ.asm
                  GECIKME   0x000002    program     static C:\Users\Baho\Desktop\projeler\besinciPRJ.X\besinciPRJ.asm
                  KONTROL   0x00003a    program     static C:\Users\Baho\Desktop\projeler\besinciPRJ.X\besinciPRJ.asm
                     LOOP   0x000004    program     static C:\Users\Baho\Desktop\projeler\besinciPRJ.X\besinciPRJ.asm
                 RAKAMLAR   0x000007    program     static C:\Users\Baho\Desktop\projeler\besinciPRJ.X\besinciPRJ.asm



                              Symbols - Sorted by Address
                     Name    Address   Location    Storage File                     
                ---------  ---------  ---------  --------- ---------                
                  GECIKME   0x000002    program     static C:\Users\Baho\Desktop\projeler\besinciPRJ.X\besinciPRJ.asm
                     LOOP   0x000004    program     static C:\Users\Baho\Desktop\projeler\besinciPRJ.X\besinciPRJ.asm
                 RAKAMLAR   0x000007    program     static C:\Users\Baho\Desktop\projeler\besinciPRJ.X\besinciPRJ.asm
                   ARTTIR   0x000012    program     static C:\Users\Baho\Desktop\projeler\besinciPRJ.X\besinciPRJ.asm
                    BASLA   0x00001a    program     static C:\Users\Baho\Desktop\projeler\besinciPRJ.X\besinciPRJ.asm
                    DONGU   0x00002d    program     static C:\Users\Baho\Desktop\projeler\besinciPRJ.X\besinciPRJ.asm
                  KONTROL   0x00003a    program     static C:\Users\Baho\Desktop\projeler\besinciPRJ.X\besinciPRJ.asm


