MPLINK 5.09, LINKER
Linker Map File - Created Mon Nov 22 19:00:27 2021

                                 Section Info
                  Section       Type    Address   Location Size(Bytes)
                ---------  ---------  ---------  ---------  ---------
                   .org_0       code   0x000000    program   0x000004
                   .cinit    romdata   0x000002    program   0x000004
                   .org_1       code   0x000004    program   0x00008a



                              Program Memory Usage 
                               Start         End      
                           ---------   ---------      
                            0x000000    0x000048      
            73 out of 8454 program addresses used, program memory utilization is 0%



                              Symbols - Sorted by Name
                     Name    Address   Location    Storage File                     
                ---------  ---------  ---------  --------- ---------                
                    BASLA   0x000042    program     static C:\Users\Baho\Desktop\projeler\tmr0_gecikmeli_ledyakma_PRJ.X\tmr0_gecikmeli_ledyakma_PRJ.asm
                      CIK   0x00000f    program     static C:\Users\Baho\Desktop\projeler\tmr0_gecikmeli_ledyakma_PRJ.X\tmr0_gecikmeli_ledyakma_PRJ.asm
             KESME_AYARLA   0x00002e    program     static C:\Users\Baho\Desktop\projeler\tmr0_gecikmeli_ledyakma_PRJ.X\tmr0_gecikmeli_ledyakma_PRJ.asm
                     LED0   0x00001e    program     static C:\Users\Baho\Desktop\projeler\tmr0_gecikmeli_ledyakma_PRJ.X\tmr0_gecikmeli_ledyakma_PRJ.asm
                     LED1   0x000021    program     static C:\Users\Baho\Desktop\projeler\tmr0_gecikmeli_ledyakma_PRJ.X\tmr0_gecikmeli_ledyakma_PRJ.asm
             PORTA_AYARLA   0x000031    program     static C:\Users\Baho\Desktop\projeler\tmr0_gecikmeli_ledyakma_PRJ.X\tmr0_gecikmeli_ledyakma_PRJ.asm
             PORTB_AYARLA   0x00003b    program     static C:\Users\Baho\Desktop\projeler\tmr0_gecikmeli_ledyakma_PRJ.X\tmr0_gecikmeli_ledyakma_PRJ.asm
                      SON   0x000048    program     static C:\Users\Baho\Desktop\projeler\tmr0_gecikmeli_ledyakma_PRJ.X\tmr0_gecikmeli_ledyakma_PRJ.asm
          TMR0_ALTPROGRAM   0x000017    program     static C:\Users\Baho\Desktop\projeler\tmr0_gecikmeli_ledyakma_PRJ.X\tmr0_gecikmeli_ledyakma_PRJ.asm
              TMR0_AYARLA   0x000025    program     static C:\Users\Baho\Desktop\projeler\tmr0_gecikmeli_ledyakma_PRJ.X\tmr0_gecikmeli_ledyakma_PRJ.asm



                              Symbols - Sorted by Address
                     Name    Address   Location    Storage File                     
                ---------  ---------  ---------  --------- ---------                
                      CIK   0x00000f    program     static C:\Users\Baho\Desktop\projeler\tmr0_gecikmeli_ledyakma_PRJ.X\tmr0_gecikmeli_ledyakma_PRJ.asm
          TMR0_ALTPROGRAM   0x000017    program     static C:\Users\Baho\Desktop\projeler\tmr0_gecikmeli_ledyakma_PRJ.X\tmr0_gecikmeli_ledyakma_PRJ.asm
                     LED0   0x00001e    program     static C:\Users\Baho\Desktop\projeler\tmr0_gecikmeli_ledyakma_PRJ.X\tmr0_gecikmeli_ledyakma_PRJ.asm
                     LED1   0x000021    program     static C:\Users\Baho\Desktop\projeler\tmr0_gecikmeli_ledyakma_PRJ.X\tmr0_gecikmeli_ledyakma_PRJ.asm
              TMR0_AYARLA   0x000025    program     static C:\Users\Baho\Desktop\projeler\tmr0_gecikmeli_ledyakma_PRJ.X\tmr0_gecikmeli_ledyakma_PRJ.asm
             KESME_AYARLA   0x00002e    program     static C:\Users\Baho\Desktop\projeler\tmr0_gecikmeli_ledyakma_PRJ.X\tmr0_gecikmeli_ledyakma_PRJ.asm
             PORTA_AYARLA   0x000031    program     static C:\Users\Baho\Desktop\projeler\tmr0_gecikmeli_ledyakma_PRJ.X\tmr0_gecikmeli_ledyakma_PRJ.asm
             PORTB_AYARLA   0x00003b    program     static C:\Users\Baho\Desktop\projeler\tmr0_gecikmeli_ledyakma_PRJ.X\tmr0_gecikmeli_ledyakma_PRJ.asm
                    BASLA   0x000042    program     static C:\Users\Baho\Desktop\projeler\tmr0_gecikmeli_ledyakma_PRJ.X\tmr0_gecikmeli_ledyakma_PRJ.asm
                      SON   0x000048    program     static C:\Users\Baho\Desktop\projeler\tmr0_gecikmeli_ledyakma_PRJ.X\tmr0_gecikmeli_ledyakma_PRJ.asm


