MPLINK 5.09, LINKER
Linker Map File - Created Sun Nov 07 19:52:36 2021

                                 Section Info
                  Section       Type    Address   Location Size(Bytes)
                ---------  ---------  ---------  ---------  ---------
                   .org_0       code   0x000000    program   0x000004
                   .cinit    romdata   0x000002    program   0x000004
                   .org_1       code   0x000004    program   0x0000c6
.config_2007_BUILD/DEFAULT/PRODUCTION/AA.O       code   0x002007    program   0x000002



                              Program Memory Usage 
                               Start         End      
                           ---------   ---------      
                            0x000000    0x000066      
                            0x002007    0x002007      
            104 out of 8454 program addresses used, program memory utilization is 1%



                              Symbols - Sorted by Name
                     Name    Address   Location    Storage File                     
                ---------  ---------  ---------  --------- ---------                
                   ARTTIR   0x000035    program     static C:\Users\Baho\Desktop\projeler\yedinciPRJ.X\aa.asm
                    BASLA   0x000063    program     static C:\Users\Baho\Desktop\projeler\yedinciPRJ.X\aa.asm
                      DON   0x000065    program     static C:\Users\Baho\Desktop\projeler\yedinciPRJ.X\aa.asm
                   DONGU1   0x00003d    program     static C:\Users\Baho\Desktop\projeler\yedinciPRJ.X\aa.asm
                   DONGU2   0x000050    program     static C:\Users\Baho\Desktop\projeler\yedinciPRJ.X\aa.asm
                  GECIKME   0x000010    program     static C:\Users\Baho\Desktop\projeler\yedinciPRJ.X\aa.asm
             KATOT_LOOKUP   0x00002a    program     static C:\Users\Baho\Desktop\projeler\yedinciPRJ.X\aa.asm
                     LOOP   0x000014    program     static C:\Users\Baho\Desktop\projeler\yedinciPRJ.X\aa.asm
                    LOOP2   0x000012    program     static C:\Users\Baho\Desktop\projeler\yedinciPRJ.X\aa.asm
             PORTA_AYARLA   0x000019    program     static C:\Users\Baho\Desktop\projeler\yedinciPRJ.X\aa.asm
             PORTB_AYARLA   0x000023    program     static C:\Users\Baho\Desktop\projeler\yedinciPRJ.X\aa.asm



                              Symbols - Sorted by Address
                     Name    Address   Location    Storage File                     
                ---------  ---------  ---------  --------- ---------                
                  GECIKME   0x000010    program     static C:\Users\Baho\Desktop\projeler\yedinciPRJ.X\aa.asm
                    LOOP2   0x000012    program     static C:\Users\Baho\Desktop\projeler\yedinciPRJ.X\aa.asm
                     LOOP   0x000014    program     static C:\Users\Baho\Desktop\projeler\yedinciPRJ.X\aa.asm
             PORTA_AYARLA   0x000019    program     static C:\Users\Baho\Desktop\projeler\yedinciPRJ.X\aa.asm
             PORTB_AYARLA   0x000023    program     static C:\Users\Baho\Desktop\projeler\yedinciPRJ.X\aa.asm
             KATOT_LOOKUP   0x00002a    program     static C:\Users\Baho\Desktop\projeler\yedinciPRJ.X\aa.asm
                   ARTTIR   0x000035    program     static C:\Users\Baho\Desktop\projeler\yedinciPRJ.X\aa.asm
                   DONGU1   0x00003d    program     static C:\Users\Baho\Desktop\projeler\yedinciPRJ.X\aa.asm
                   DONGU2   0x000050    program     static C:\Users\Baho\Desktop\projeler\yedinciPRJ.X\aa.asm
                    BASLA   0x000063    program     static C:\Users\Baho\Desktop\projeler\yedinciPRJ.X\aa.asm
                      DON   0x000065    program     static C:\Users\Baho\Desktop\projeler\yedinciPRJ.X\aa.asm


