MPLINK 5.09, LINKER
Linker Map File - Created Mon Nov 22 16:01:11 2021

                                 Section Info
                  Section       Type    Address   Location Size(Bytes)
                ---------  ---------  ---------  ---------  ---------
                   .org_0       code   0x000000    program   0x000004
                   .cinit    romdata   0x000002    program   0x000004
                   .org_1       code   0x000004    program   0x0000be
.config_2007_BUILD/DEFAULT/PRODUCTION/TMR0_RB       code   0x002007    program   0x000002



                              Program Memory Usage 
                               Start         End      
                           ---------   ---------      
                            0x000000    0x000062      
                            0x002007    0x002007      
            100 out of 8454 program addresses used, program memory utilization is 1%



                              Symbols - Sorted by Name
                     Name    Address   Location    Storage File                     
                ---------  ---------  ---------  --------- ---------                
                    BASLA   0x000056    program     static C:\Users\Baho\Desktop\projeler\tmr0_rb0_kesmeli_7seg_PRJ.X\tmr0_rb0_kesmeli_7seg_PRJ.asm
                      CIK   0x000012    program     static C:\Users\Baho\Desktop\projeler\tmr0_rb0_kesmeli_7seg_PRJ.X\tmr0_rb0_kesmeli_7seg_PRJ.asm
             PORTA_AYARLA   0x00003d    program     static C:\Users\Baho\Desktop\projeler\tmr0_rb0_kesmeli_7seg_PRJ.X\tmr0_rb0_kesmeli_7seg_PRJ.asm
             PORTB_AYARLA   0x000047    program     static C:\Users\Baho\Desktop\projeler\tmr0_rb0_kesmeli_7seg_PRJ.X\tmr0_rb0_kesmeli_7seg_PRJ.asm
             PORTC_AYARLA   0x00004f    program     static C:\Users\Baho\Desktop\projeler\tmr0_rb0_kesmeli_7seg_PRJ.X\tmr0_rb0_kesmeli_7seg_PRJ.asm
                 RAKAMLAR   0x00001a    program     static C:\Users\Baho\Desktop\projeler\tmr0_rb0_kesmeli_7seg_PRJ.X\tmr0_rb0_kesmeli_7seg_PRJ.asm
           RB0_ALTPROGRAM   0x000025    program     static C:\Users\Baho\Desktop\projeler\tmr0_rb0_kesmeli_7seg_PRJ.X\tmr0_rb0_kesmeli_7seg_PRJ.asm
         RB0_KESME_AYARLA   0x00002d    program     static C:\Users\Baho\Desktop\projeler\tmr0_rb0_kesmeli_7seg_PRJ.X\tmr0_rb0_kesmeli_7seg_PRJ.asm
          TMR0_ALTPROGRAM   0x00002c    program     static C:\Users\Baho\Desktop\projeler\tmr0_rb0_kesmeli_7seg_PRJ.X\tmr0_rb0_kesmeli_7seg_PRJ.asm
              TMR0_AYARLA   0x000031    program     static C:\Users\Baho\Desktop\projeler\tmr0_rb0_kesmeli_7seg_PRJ.X\tmr0_rb0_kesmeli_7seg_PRJ.asm
        TMR0_KESME_AYARLA   0x00003a    program     static C:\Users\Baho\Desktop\projeler\tmr0_rb0_kesmeli_7seg_PRJ.X\tmr0_rb0_kesmeli_7seg_PRJ.asm
                       XD   0x000062    program     static C:\Users\Baho\Desktop\projeler\tmr0_rb0_kesmeli_7seg_PRJ.X\tmr0_rb0_kesmeli_7seg_PRJ.asm



                              Symbols - Sorted by Address
                     Name    Address   Location    Storage File                     
                ---------  ---------  ---------  --------- ---------                
                      CIK   0x000012    program     static C:\Users\Baho\Desktop\projeler\tmr0_rb0_kesmeli_7seg_PRJ.X\tmr0_rb0_kesmeli_7seg_PRJ.asm
                 RAKAMLAR   0x00001a    program     static C:\Users\Baho\Desktop\projeler\tmr0_rb0_kesmeli_7seg_PRJ.X\tmr0_rb0_kesmeli_7seg_PRJ.asm
           RB0_ALTPROGRAM   0x000025    program     static C:\Users\Baho\Desktop\projeler\tmr0_rb0_kesmeli_7seg_PRJ.X\tmr0_rb0_kesmeli_7seg_PRJ.asm
          TMR0_ALTPROGRAM   0x00002c    program     static C:\Users\Baho\Desktop\projeler\tmr0_rb0_kesmeli_7seg_PRJ.X\tmr0_rb0_kesmeli_7seg_PRJ.asm
         RB0_KESME_AYARLA   0x00002d    program     static C:\Users\Baho\Desktop\projeler\tmr0_rb0_kesmeli_7seg_PRJ.X\tmr0_rb0_kesmeli_7seg_PRJ.asm
              TMR0_AYARLA   0x000031    program     static C:\Users\Baho\Desktop\projeler\tmr0_rb0_kesmeli_7seg_PRJ.X\tmr0_rb0_kesmeli_7seg_PRJ.asm
        TMR0_KESME_AYARLA   0x00003a    program     static C:\Users\Baho\Desktop\projeler\tmr0_rb0_kesmeli_7seg_PRJ.X\tmr0_rb0_kesmeli_7seg_PRJ.asm
             PORTA_AYARLA   0x00003d    program     static C:\Users\Baho\Desktop\projeler\tmr0_rb0_kesmeli_7seg_PRJ.X\tmr0_rb0_kesmeli_7seg_PRJ.asm
             PORTB_AYARLA   0x000047    program     static C:\Users\Baho\Desktop\projeler\tmr0_rb0_kesmeli_7seg_PRJ.X\tmr0_rb0_kesmeli_7seg_PRJ.asm
             PORTC_AYARLA   0x00004f    program     static C:\Users\Baho\Desktop\projeler\tmr0_rb0_kesmeli_7seg_PRJ.X\tmr0_rb0_kesmeli_7seg_PRJ.asm
                    BASLA   0x000056    program     static C:\Users\Baho\Desktop\projeler\tmr0_rb0_kesmeli_7seg_PRJ.X\tmr0_rb0_kesmeli_7seg_PRJ.asm
                       XD   0x000062    program     static C:\Users\Baho\Desktop\projeler\tmr0_rb0_kesmeli_7seg_PRJ.X\tmr0_rb0_kesmeli_7seg_PRJ.asm


