MPLINK 5.09, LINKER
Linker Map File - Created Sun Nov 14 19:21:16 2021

                                 Section Info
                  Section       Type    Address   Location Size(Bytes)
                ---------  ---------  ---------  ---------  ---------
                   .org_0       code   0x000000    program   0x000004
                   .cinit    romdata   0x000002    program   0x000004
                   .org_1       code   0x000004    program   0x00009e



                              Program Memory Usage 
                               Start         End      
                           ---------   ---------      
                            0x000000    0x000052      
            83 out of 8454 program addresses used, program memory utilization is 0%



                              Symbols - Sorted by Name
                     Name    Address   Location    Storage File                     
                ---------  ---------  ---------  --------- ---------                
                    BASLA   0x00003f    program     static C:\Users\Baho\Desktop\projeler\tmr0_gecikmeli_7seg_display_PRJ.X\tmr0_gecikmeli_7seg_dsplay_PRJ.asm
                      CIK   0x00000f    program     static C:\Users\Baho\Desktop\projeler\tmr0_gecikmeli_7seg_display_PRJ.X\tmr0_gecikmeli_7seg_dsplay_PRJ.asm
                       DD   0x000052    program     static C:\Users\Baho\Desktop\projeler\tmr0_gecikmeli_7seg_display_PRJ.X\tmr0_gecikmeli_7seg_dsplay_PRJ.asm
             KESME_AYARLA   0x00003a    program     static C:\Users\Baho\Desktop\projeler\tmr0_gecikmeli_7seg_display_PRJ.X\tmr0_gecikmeli_7seg_dsplay_PRJ.asm
                 RAKAMLAR   0x000017    program     static C:\Users\Baho\Desktop\projeler\tmr0_gecikmeli_7seg_display_PRJ.X\tmr0_gecikmeli_7seg_dsplay_PRJ.asm
              TMR0_AYARLA   0x000031    program     static C:\Users\Baho\Desktop\projeler\tmr0_gecikmeli_7seg_display_PRJ.X\tmr0_gecikmeli_7seg_dsplay_PRJ.asm
                   YAZDIR   0x000022    program     static C:\Users\Baho\Desktop\projeler\tmr0_gecikmeli_7seg_display_PRJ.X\tmr0_gecikmeli_7seg_dsplay_PRJ.asm



                              Symbols - Sorted by Address
                     Name    Address   Location    Storage File                     
                ---------  ---------  ---------  --------- ---------                
                      CIK   0x00000f    program     static C:\Users\Baho\Desktop\projeler\tmr0_gecikmeli_7seg_display_PRJ.X\tmr0_gecikmeli_7seg_dsplay_PRJ.asm
                 RAKAMLAR   0x000017    program     static C:\Users\Baho\Desktop\projeler\tmr0_gecikmeli_7seg_display_PRJ.X\tmr0_gecikmeli_7seg_dsplay_PRJ.asm
                   YAZDIR   0x000022    program     static C:\Users\Baho\Desktop\projeler\tmr0_gecikmeli_7seg_display_PRJ.X\tmr0_gecikmeli_7seg_dsplay_PRJ.asm
              TMR0_AYARLA   0x000031    program     static C:\Users\Baho\Desktop\projeler\tmr0_gecikmeli_7seg_display_PRJ.X\tmr0_gecikmeli_7seg_dsplay_PRJ.asm
             KESME_AYARLA   0x00003a    program     static C:\Users\Baho\Desktop\projeler\tmr0_gecikmeli_7seg_display_PRJ.X\tmr0_gecikmeli_7seg_dsplay_PRJ.asm
                    BASLA   0x00003f    program     static C:\Users\Baho\Desktop\projeler\tmr0_gecikmeli_7seg_display_PRJ.X\tmr0_gecikmeli_7seg_dsplay_PRJ.asm
                       DD   0x000052    program     static C:\Users\Baho\Desktop\projeler\tmr0_gecikmeli_7seg_display_PRJ.X\tmr0_gecikmeli_7seg_dsplay_PRJ.asm


