MPLINK 5.09, LINKER
Linker Map File - Created Thu Nov 04 22:33:53 2021

                                 Section Info
                  Section       Type    Address   Location Size(Bytes)
                ---------  ---------  ---------  ---------  ---------
                   .org_0       code   0x000000    program   0x000004
                   .cinit    romdata   0x000002    program   0x000004
                   .org_1       code   0x000004    program   0x000070
.config_2007_BUILD/DEFAULT/PRODUCTION/GERI_SA       code   0x002007    program   0x000002



                              Program Memory Usage 
                               Start         End      
                           ---------   ---------      
                            0x000000    0x00003b      
                            0x002007    0x002007      
            61 out of 8454 program addresses used, program memory utilization is 0%



                              Symbols - Sorted by Name
                     Name    Address   Location    Storage File                     
                ---------  ---------  ---------  --------- ---------                
                    BASLA   0x000034    program     static C:\Users\Baho\Desktop\projeler\geri_sayma_PRJ.X\geri_sayma_PRJ.asm
                    DONGU   0x000039    program     static C:\Users\Baho\Desktop\projeler\geri_sayma_PRJ.X\geri_sayma_PRJ.asm
                  GECIKME   0x000010    program     static C:\Users\Baho\Desktop\projeler\geri_sayma_PRJ.X\geri_sayma_PRJ.asm
                  KONTROL   0x000037    program     static C:\Users\Baho\Desktop\projeler\geri_sayma_PRJ.X\geri_sayma_PRJ.asm
                     LOOP   0x000016    program     static C:\Users\Baho\Desktop\projeler\geri_sayma_PRJ.X\geri_sayma_PRJ.asm
                    LOOP2   0x000014    program     static C:\Users\Baho\Desktop\projeler\geri_sayma_PRJ.X\geri_sayma_PRJ.asm
                    LOOP3   0x000012    program     static C:\Users\Baho\Desktop\projeler\geri_sayma_PRJ.X\geri_sayma_PRJ.asm
             PORTA_AYARLA   0x00001d    program     static C:\Users\Baho\Desktop\projeler\geri_sayma_PRJ.X\geri_sayma_PRJ.asm
             PORTB_AYARLA   0x000026    program     static C:\Users\Baho\Desktop\projeler\geri_sayma_PRJ.X\geri_sayma_PRJ.asm
                SAYIATAMA   0x00002f    program     static C:\Users\Baho\Desktop\projeler\geri_sayma_PRJ.X\geri_sayma_PRJ.asm



                              Symbols - Sorted by Address
                     Name    Address   Location    Storage File                     
                ---------  ---------  ---------  --------- ---------                
                  GECIKME   0x000010    program     static C:\Users\Baho\Desktop\projeler\geri_sayma_PRJ.X\geri_sayma_PRJ.asm
                    LOOP3   0x000012    program     static C:\Users\Baho\Desktop\projeler\geri_sayma_PRJ.X\geri_sayma_PRJ.asm
                    LOOP2   0x000014    program     static C:\Users\Baho\Desktop\projeler\geri_sayma_PRJ.X\geri_sayma_PRJ.asm
                     LOOP   0x000016    program     static C:\Users\Baho\Desktop\projeler\geri_sayma_PRJ.X\geri_sayma_PRJ.asm
             PORTA_AYARLA   0x00001d    program     static C:\Users\Baho\Desktop\projeler\geri_sayma_PRJ.X\geri_sayma_PRJ.asm
             PORTB_AYARLA   0x000026    program     static C:\Users\Baho\Desktop\projeler\geri_sayma_PRJ.X\geri_sayma_PRJ.asm
                SAYIATAMA   0x00002f    program     static C:\Users\Baho\Desktop\projeler\geri_sayma_PRJ.X\geri_sayma_PRJ.asm
                    BASLA   0x000034    program     static C:\Users\Baho\Desktop\projeler\geri_sayma_PRJ.X\geri_sayma_PRJ.asm
                  KONTROL   0x000037    program     static C:\Users\Baho\Desktop\projeler\geri_sayma_PRJ.X\geri_sayma_PRJ.asm
                    DONGU   0x000039    program     static C:\Users\Baho\Desktop\projeler\geri_sayma_PRJ.X\geri_sayma_PRJ.asm


